2025-06-06 17:10:50,626 - INFO - server listening on 127.0.0.1:8765
2025-06-06 17:10:50,626 - INFO - server listening on [::1]:8765
2025-06-06 18:37:55,296 - INFO - Señal 2 recibida, cerrando servidor...
2025-06-06 18:37:55,381 - INFO - server closing
2025-06-06 18:37:55,384 - INFO - server closed
2025-06-06 23:51:31,978 - INFO - server listening on 127.0.0.1:8765
2025-06-06 23:51:31,979 - INFO - server listening on [::1]:8765
2025-06-06 23:58:46,819 - INFO - Señal 2 recibida, cerrando servidor...
2025-06-06 23:58:46,820 - INFO - server closing
2025-06-06 23:58:46,820 - INFO - server closed
2025-06-06 23:59:33,626 - INFO - server listening on 192.168.18.14:8765
2025-06-07 00:00:35,737 - INFO - Señal 2 recibida, cerrando servidor...
2025-06-07 00:00:35,737 - INFO - server closing
2025-06-07 00:00:35,738 - INFO - server closed
2025-06-07 00:00:41,249 - INFO - server listening on 192.168.18.14:8765
2025-06-07 00:00:42,785 - INFO - Señal 2 recibida, cerrando servidor...
2025-06-07 00:00:42,785 - INFO - server closing
2025-06-07 00:00:42,785 - INFO - server closed
2025-06-07 00:01:11,996 - INFO - server listening on 192.168.18.14:8765
2025-06-07 00:47:48,673 - INFO - Señal 2 recibida, cerrando servidor...
2025-06-07 00:47:48,674 - INFO - server closing
2025-06-07 00:47:48,674 - INFO - server closed
2025-06-07 00:47:51,956 - INFO - server listening on 192.168.18.14:8000
2025-06-07 01:28:30,009 - INFO - Señal 2 recibida, cerrando servidor...
2025-06-07 01:28:30,009 - INFO - server closing
2025-06-07 01:28:30,010 - INFO - server closed
2025-06-07 01:28:41,343 - INFO - server listening on 192.168.18.14:5000
2025-06-07 01:30:40,663 - INFO - connection open
2025-06-07 01:30:40,663 - ERROR - connection handler failed
Traceback (most recent call last):
  File "C:\Users\johan\AppData\Local\Packages\PythonSoftwareFoundation.Python.3.12_qbz5n2kfra8p0\LocalCache\local-packages\Python312\site-packages\websockets\asyncio\server.py", line 376, in conn_handler
    await self.handler(connection)
          ^^^^^^^^^^^^^^^^^^^^^^^^
TypeError: FederatedIDSServer.register_client() missing 1 required positional argument: 'path'
2025-06-07 01:30:42,706 - INFO - connection open
2025-06-07 01:30:42,707 - ERROR - connection handler failed
Traceback (most recent call last):
  File "C:\Users\johan\AppData\Local\Packages\PythonSoftwareFoundation.Python.3.12_qbz5n2kfra8p0\LocalCache\local-packages\Python312\site-packages\websockets\asyncio\server.py", line 376, in conn_handler
    await self.handler(connection)
          ^^^^^^^^^^^^^^^^^^^^^^^^
TypeError: FederatedIDSServer.register_client() missing 1 required positional argument: 'path'
2025-06-07 01:30:46,736 - INFO - connection open
2025-06-07 01:30:46,737 - ERROR - connection handler failed
Traceback (most recent call last):
  File "C:\Users\johan\AppData\Local\Packages\PythonSoftwareFoundation.Python.3.12_qbz5n2kfra8p0\LocalCache\local-packages\Python312\site-packages\websockets\asyncio\server.py", line 376, in conn_handler
    await self.handler(connection)
          ^^^^^^^^^^^^^^^^^^^^^^^^
TypeError: FederatedIDSServer.register_client() missing 1 required positional argument: 'path'
2025-06-07 01:30:54,750 - INFO - connection open
2025-06-07 01:30:54,750 - ERROR - connection handler failed
Traceback (most recent call last):
  File "C:\Users\johan\AppData\Local\Packages\PythonSoftwareFoundation.Python.3.12_qbz5n2kfra8p0\LocalCache\local-packages\Python312\site-packages\websockets\asyncio\server.py", line 376, in conn_handler
    await self.handler(connection)
          ^^^^^^^^^^^^^^^^^^^^^^^^
TypeError: FederatedIDSServer.register_client() missing 1 required positional argument: 'path'
2025-06-07 01:31:04,493 - INFO - Señal 2 recibida, cerrando servidor...
2025-06-07 01:31:04,494 - INFO - server closing
2025-06-07 01:31:04,494 - INFO - server closed
2025-06-07 01:42:02,566 - INFO - server listening on 0.0.0.0:5000
2025-06-07 01:42:07,037 - INFO - Señal 2 recibida, cerrando servidor...
2025-06-07 01:42:07,038 - INFO - server closing
2025-06-07 01:42:07,038 - INFO - server closed
2025-06-07 01:42:14,241 - INFO - server listening on 192.168.18.14:5000
2025-06-07 11:52:17,496 - INFO - Señal 2 recibida, cerrando servidor...
2025-06-07 11:52:17,496 - INFO - server closing
2025-06-07 11:52:17,497 - INFO - server closed
2025-06-07 11:52:26,054 - INFO - server listening on 192.168.18.14:5000
2025-06-07 11:52:36,533 - INFO - Señal 2 recibida, cerrando servidor...
2025-06-07 11:52:36,533 - INFO - server closing
2025-06-07 11:52:36,533 - INFO - server closed
2025-06-07 12:00:45,096 - INFO - server listening on 192.168.18.14:5000
2025-06-07 12:00:47,256 - INFO - Señal 2 recibida, cerrando servidor...
2025-06-07 12:00:47,256 - INFO - server closing
2025-06-07 12:00:47,257 - INFO - server closed
2025-06-07 12:25:55,204 - INFO - server listening on 192.168.18.14:5000
2025-06-07 12:28:31,412 - INFO - connection open
2025-06-07 14:44:01,591 - INFO - Señal 2 recibida, cerrando servidor...
2025-06-07 14:44:01,616 - INFO - server closing
2025-06-07 14:44:13,299 - INFO - Señal 2 recibida, cerrando servidor...
2025-06-07 14:44:13,336 - ERROR - Task was destroyed but it is pending!
task: <Task pending name='Task-7' coro=<Server._close() done, defined at C:\Users\johan\AppData\Local\Packages\PythonSoftwareFoundation.Python.3.12_qbz5n2kfra8p0\LocalCache\local-packages\Python312\site-packages\websockets\asyncio\server.py:431> wait_for=<Future pending cb=[Task.task_wakeup()]>>
2025-06-07 14:44:13,337 - ERROR - Task was destroyed but it is pending!
task: <Task cancelling name='Task-1' coro=<FederatedIDSServer.start_server() done, defined at c:\Users\johan\OneDrive\Documentos\NUEVOFL\MiNuevoProyectoFL\servidor_federado.py:956> wait_for=<Future pending cb=[shield.<locals>._outer_done_callback() at C:\Program Files\WindowsApps\PythonSoftwareFoundation.Python.3.12_3.12.2800.0_x64__qbz5n2kfra8p0\Lib\asyncio\tasks.py:922, Task.task_wakeup()]> cb=[gather.<locals>._done_callback() at C:\Program Files\WindowsApps\PythonSoftwareFoundation.Python.3.12_3.12.2800.0_x64__qbz5n2kfra8p0\Lib\asyncio\tasks.py:767]>
2025-06-11 18:19:29,144 - INFO - server listening on 10.40.42.44:5000
2025-06-11 18:20:15,167 - INFO - Señal 2 recibida, cerrando servidor...
2025-06-11 18:20:15,168 - INFO - server closing
2025-06-11 18:20:15,168 - INFO - server closed
2025-06-19 00:16:17,519 - INFO - server listening on 0.0.0.0:8765
2025-06-19 00:20:24,643 - INFO - Señal 2 recibida, cerrando servidor...
2025-06-19 00:20:24,644 - INFO - server closing
2025-06-19 00:20:24,645 - INFO - server closed
